%!Adobe-FontList 1.20
%Locale:0x412

%BeginFont
Handler:DirectoryHandler
FontType:Invalid
OutlineFileName:C:\Users\20201\Desktop\0000\1-0409\Font\arita4.0_b-demo.html
FileModTime:1586500759
%EndFont

%BeginFont
Handler:DirectoryHandler
FontType:Invalid
OutlineFileName:C:\Users\20201\Desktop\0000\1-0409\Font\arita4.0_b.woff
FileModTime:1586500759
%EndFont

%BeginFont
Handler:DirectoryHandler
FontType:Invalid
OutlineFileName:C:\Users\20201\Desktop\0000\1-0409\Font\arita4.0_b.woff2
FileModTime:1586500759
%EndFont

%BeginFont
Handler:DirectoryHandler
FontType:Invalid
OutlineFileName:C:\Users\20201\Desktop\0000\1-0409\Font\arita4.0_l-demo.html
FileModTime:1586500759
%EndFont

%BeginFont
Handler:DirectoryHandler
FontType:TrueType
FontName:Arita-dotum-Light_OTF00
FamilyName:Arita-dotum-Light_OTF00
StyleName:dotum-Light_OTF00
FullName:Arita-dotum-Light_OTF00 dotum-Light_OTF00
MenuName:Arita-dotum-Light_OTF00
StyleBits:0
FamilyNameNative:Arita-dotum-Light_OTF00
StyleNameNative:dotum-Light_OTF00
FullNameNative:Arita-dotum-Light_OTF00 dotum-Light_OTF00
WritingScript:Korean
OutlineFileName:C:\Users\20201\Desktop\0000\1-0409\Font\arita4.0_l.ttf
DataFormat:sfntData
hasSVG:no
VariableFontType:NonVariableFont
FileLength:2747900
FileModTime:1586500759
WeightClass:200
WidthClass:5
AngleClass:0
NameArray:0,Win,1,Arita-dotum-Light_OTF00
%EndFont

%BeginFont
Handler:DirectoryHandler
FontType:Invalid
OutlineFileName:C:\Users\20201\Desktop\0000\1-0409\Font\arita4.0_l.woff
FileModTime:1586500759
%EndFont

%BeginFont
Handler:DirectoryHandler
FontType:Invalid
OutlineFileName:C:\Users\20201\Desktop\0000\1-0409\Font\arita4.0_l.woff2
FileModTime:1586500759
%EndFont

%BeginFont
Handler:DirectoryHandler
FontType:Invalid
OutlineFileName:C:\Users\20201\Desktop\0000\1-0409\Font\arita4.0_m-demo.html
FileModTime:1586500759
%EndFont

%BeginFont
Handler:DirectoryHandler
FontType:Invalid
OutlineFileName:C:\Users\20201\Desktop\0000\1-0409\Font\arita4.0_m.woff
FileModTime:1586500759
%EndFont

%BeginFont
Handler:DirectoryHandler
FontType:Invalid
OutlineFileName:C:\Users\20201\Desktop\0000\1-0409\Font\arita4.0_m.woff2
FileModTime:1586500759
%EndFont

%BeginFont
Handler:DirectoryHandler
FontType:Invalid
OutlineFileName:C:\Users\20201\Desktop\0000\1-0409\Font\arita4.0_sb-demo.html
FileModTime:1586500759
%EndFont

%BeginFont
Handler:DirectoryHandler
FontType:Invalid
OutlineFileName:C:\Users\20201\Desktop\0000\1-0409\Font\arita4.0_sb.woff
FileModTime:1586500759
%EndFont

%BeginFont
Handler:DirectoryHandler
FontType:Invalid
OutlineFileName:C:\Users\20201\Desktop\0000\1-0409\Font\arita4.0_sb.woff2
FileModTime:1586500759
%EndFont

%BeginFont
Handler:DirectoryHandler
FontType:Invalid
OutlineFileName:C:\Users\20201\Desktop\0000\1-0409\Font\arita4.0_t-demo.html
FileModTime:1586500759
%EndFont

%BeginFont
Handler:DirectoryHandler
FontType:Invalid
OutlineFileName:C:\Users\20201\Desktop\0000\1-0409\Font\arita4.0_t.woff
FileModTime:1586500759
%EndFont

%BeginFont
Handler:DirectoryHandler
FontType:Invalid
OutlineFileName:C:\Users\20201\Desktop\0000\1-0409\Font\arita4.0_t.woff2
FileModTime:1586500759
%EndFont

%BeginFont
Handler:DirectoryHandler
FontType:Invalid
OutlineFileName:C:\Users\20201\Desktop\0000\1-0409\Font\generator_config.txt
FileModTime:1586500759
%EndFont

%BeginFont
Handler:DirectoryHandler
FontType:Invalid
OutlineFileName:C:\Users\20201\Desktop\0000\1-0409\Font\stylesheet.css
FileModTime:1586500759
%EndFont

%BeginFont
Handler:DirectoryHandler
FontType:Invalid
OutlineFileName:C:\Users\20201\Desktop\0000\1-0409\Font\specimen_files\grid_12-825-55-15.css
FileModTime:1586500759
%EndFont

%BeginFont
Handler:DirectoryHandler
FontType:Invalid
OutlineFileName:C:\Users\20201\Desktop\0000\1-0409\Font\specimen_files\specimen_stylesheet.css
FileModTime:1586500759
%EndFont

